[INFO] Scanning for projects...
[INFO] 
[INFO] ------------------------< com.example:sbquanan >------------------------
[INFO] Building QuanAnApp 0.0.1-SNAPSHOT
[INFO]   from pom.xml
[INFO] --------------------------------[ jar ]---------------------------------
[INFO] 
[INFO] >>> spring-boot:3.3.5:run (default-cli) > test-compile @ sbquanan >>>
[INFO] 
[INFO] --- resources:3.3.1:resources (default-resources) @ sbquanan ---
[INFO] Copying 1 resource from src\main\resources to target\classes
[INFO] Copying 36 resources from src\main\resources to target\classes
[INFO] 
[INFO] --- compiler:3.13.0:compile (default-compile) @ sbquanan ---
[INFO] Nothing to compile - all classes are up to date.
[INFO] 
[INFO] --- resources:3.3.1:testResources (default-testResources) @ sbquanan ---
[INFO] skip non existing resourceDirectory D:\code\btl\OrderQuanAn\sbquanan\src\test\resources
[INFO] 
[INFO] --- compiler:3.13.0:testCompile (default-testCompile) @ sbquanan ---
[INFO] Nothing to compile - all classes are up to date.
[INFO] 
[INFO] <<< spring-boot:3.3.5:run (default-cli) < test-compile @ sbquanan <<<
[INFO] 
[INFO] 
[INFO] --- spring-boot:3.3.5:run (default-cli) @ sbquanan ---
[INFO] Attaching agents: []

  .   ____          _            __ _ _
 /\\ / ___'_ __ _ _(_)_ __  __ _ \ \ \ \
( ( )\___ | '_ | '_| | '_ \/ _` | \ \ \ \
 \\/  ___)| |_)| | | | | || (_| |  ) ) ) )
  '  |____| .__|_| |_|_| |_\__, | / / / /
 =========|_|==============|___/=/_/_/_/

 :: Spring Boot ::                (v3.3.5)

2026-05-08T22:39:29.732+07:00  INFO 28596 --- [QuanAnApp] [           main] c.example.sbquanan.SbquananApplication   : Starting SbquananApplication using Java 25.0.1 with PID 28596 (D:\code\btl\OrderQuanAn\sbquanan\target\classes started by OwO in D:\code\btl\OrderQuanAn\sbquanan)
2026-05-08T22:39:29.736+07:00  INFO 28596 --- [QuanAnApp] [           main] c.example.sbquanan.SbquananApplication   : No active profile set, falling back to 1 default profile: "default"
2026-05-08T22:39:30.565+07:00  INFO 28596 --- [QuanAnApp] [           main] .s.d.r.c.RepositoryConfigurationDelegate : Bootstrapping Spring Data JPA repositories in DEFAULT mode.
2026-05-08T22:39:30.687+07:00  INFO 28596 --- [QuanAnApp] [           main] .s.d.r.c.RepositoryConfigurationDelegate : Finished Spring Data repository scanning in 110 ms. Found 11 JPA repository interfaces.
WARNING: A restricted method in java.lang.System has been called
WARNING: java.lang.System::load has been called by org.apache.tomcat.jni.Library in an unnamed module (file:/C:/Users/OwO/.m2/repository/org/apache/tomcat/embed/tomcat-embed-core/10.1.31/tomcat-embed-core-10.1.31.jar)
WARNING: Use --enable-native-access=ALL-UNNAMED to avoid a warning for callers in this module
WARNING: Restricted methods will be blocked in a future release unless native access is enabled

2026-05-08T22:39:31.579+07:00  INFO 28596 --- [QuanAnApp] [           main] o.s.b.w.embedded.tomcat.TomcatWebServer  : Tomcat initialized with port 8080 (http)
2026-05-08T22:39:31.602+07:00  INFO 28596 --- [QuanAnApp] [           main] o.apache.catalina.core.StandardService   : Starting service [Tomcat]
2026-05-08T22:39:31.604+07:00  INFO 28596 --- [QuanAnApp] [           main] o.apache.catalina.core.StandardEngine    : Starting Servlet engine: [Apache Tomcat/10.1.31]
2026-05-08T22:39:31.693+07:00  INFO 28596 --- [QuanAnApp] [           main] o.a.c.c.C.[Tomcat].[localhost].[/]       : Initializing Spring embedded WebApplicationContext
2026-05-08T22:39:31.694+07:00  INFO 28596 --- [QuanAnApp] [           main] w.s.c.ServletWebServerApplicationContext : Root WebApplicationContext: initialization completed in 1892 ms
2026-05-08T22:39:32.097+07:00  INFO 28596 --- [QuanAnApp] [           main] o.hibernate.jpa.internal.util.LogHelper  : HHH000204: Processing PersistenceUnitInfo [name: default]
2026-05-08T22:39:32.215+07:00  INFO 28596 --- [QuanAnApp] [           main] org.hibernate.Version                    : HHH000412: Hibernate ORM core version 6.5.3.Final
2026-05-08T22:39:32.292+07:00  INFO 28596 --- [QuanAnApp] [           main] o.h.c.internal.RegionFactoryInitiator    : HHH000026: Second-level cache disabled
2026-05-08T22:39:32.844+07:00  INFO 28596 --- [QuanAnApp] [           main] o.s.o.j.p.SpringPersistenceUnitInfo      : No LoadTimeWeaver setup: ignoring JPA class transformer
2026-05-08T22:39:32.900+07:00  INFO 28596 --- [QuanAnApp] [           main] com.zaxxer.hikari.HikariDataSource       : HikariPool-1 - Starting...
2026-05-08T22:39:33.515+07:00  INFO 28596 --- [QuanAnApp] [           main] com.zaxxer.hikari.pool.HikariPool        : HikariPool-1 - Added connection ConnectionID:1 ClientConnectionId: bad5cba6-0b3b-4b5e-a4aa-dfd3f6358ce5
2026-05-08T22:39:33.519+07:00  INFO 28596 --- [QuanAnApp] [           main] com.zaxxer.hikari.HikariDataSource       : HikariPool-1 - Start completed.
2026-05-08T22:39:33.571+07:00  WARN 28596 --- [QuanAnApp] [           main] org.hibernate.orm.deprecation            : HHH90000025: SQLServerDialect does not need to be specified explicitly using 'hibernate.dialect' (remove the property setting and it will be selected by default)
2026-05-08T22:39:35.723+07:00  INFO 28596 --- [QuanAnApp] [           main] o.h.e.t.j.p.i.JtaPlatformInitiator       : HHH000489: No JTA platform available (set 'hibernate.transaction.jta.platform' to enable JTA platform integration)
2026-05-08T22:39:35.730+07:00  INFO 28596 --- [QuanAnApp] [           main] j.LocalContainerEntityManagerFactoryBean : Initialized JPA EntityManagerFactory for persistence unit 'default'
2026-05-08T22:39:36.460+07:00  WARN 28596 --- [QuanAnApp] [           main] JpaBaseConfiguration$JpaWebConfiguration : spring.jpa.open-in-view is enabled by default. Therefore, database queries may be performed during view rendering. Explicitly configure spring.jpa.open-in-view to disable this warning
2026-05-08T22:39:36.963+07:00  WARN 28596 --- [QuanAnApp] [           main] ion$DefaultTemplateResolverConfiguration : Cannot find template location: classpath:/templates/ (please add some templates, check your Thymeleaf configuration, or set spring.thymeleaf.check-template-location=false)
2026-05-08T22:39:37.203+07:00  INFO 28596 --- [QuanAnApp] [           main] o.s.b.w.embedded.tomcat.TomcatWebServer  : Tomcat started on port 8080 (http) with context path '/'
2026-05-08T22:39:37.218+07:00  INFO 28596 --- [QuanAnApp] [           main] c.example.sbquanan.SbquananApplication   : Started SbquananApplication in 7.997 seconds (process running for 8.515)
2026-05-08T22:39:50.747+07:00  INFO 28596 --- [QuanAnApp] [nio-8080-exec-2] o.a.c.c.C.[Tomcat].[localhost].[/]       : Initializing Spring DispatcherServlet 'dispatcherServlet'
2026-05-08T22:39:50.747+07:00  INFO 28596 --- [QuanAnApp] [nio-8080-exec-2] o.s.web.servlet.DispatcherServlet        : Initializing Servlet 'dispatcherServlet'
2026-05-08T22:39:50.750+07:00  INFO 28596 --- [QuanAnApp] [nio-8080-exec-2] o.s.web.servlet.DispatcherServlet        : Completed initialization in 2 ms
Hibernate: 
    select
        m1_0.MenuID,
        m1_0.MoTa,
        m1_0.NgayTao,
        m1_0.TenMenu,
        m1_0.TrangThai 
    from
        Menu m1_0
